  Determining projects to restore...
  All projects are up-to-date for restore.
D:\My Work\IKEN TECH Intern\MyCoding\EMS Project\EMS_IKEN_Intern\backend\Domain\Attributes\MinimumAgeAttribute.cs(13,46): warning CS8765: Nullability of type of parameter 'value' doesn't match overridden member (possibly because of nullability attributes). [D:\My Work\IKEN TECH Intern\MyCoding\EMS Project\EMS_IKEN_Intern\backend\backend.csproj]
D:\My Work\IKEN TECH Intern\MyCoding\EMS Project\EMS_IKEN_Intern\backend\Domain\Attributes\NotFutureDateAttribute.cs(10,46): warning CS8765: Nullability of type of parameter 'value' doesn't match overridden member (possibly because of nullability attributes). [D:\My Work\IKEN TECH Intern\MyCoding\EMS Project\EMS_IKEN_Intern\backend\backend.csproj]
D:\My Work\IKEN TECH Intern\MyCoding\EMS Project\EMS_IKEN_Intern\backend\Features\Employees\GetEmployeeById\GetEmployeeByIdHandler.cs(12,37): warning CS8613: Nullability of reference types in return type of 'Task<Employee> GetEmployeeByIdHandler.Handle(GetEmployeeByIdQuery request, CancellationToken cancellationToken)' doesn't match implicitly implemented member 'Task<Employee?> IRequestHandler<GetEmployeeByIdQuery, Employee?>.Handle(GetEmployeeByIdQuery request, CancellationToken cancellationToken)'. [D:\My Work\IKEN TECH Intern\MyCoding\EMS Project\EMS_IKEN_Intern\backend\backend.csproj]
D:\My Work\IKEN TECH Intern\MyCoding\EMS Project\EMS_IKEN_Intern\backend\Domain\Models\User.cs(5,23): warning CS8618: Non-nullable property 'Username' must contain a non-null value when exiting constructor. Consider adding the 'required' modifier or declaring the property as nullable. [D:\My Work\IKEN TECH Intern\MyCoding\EMS Project\EMS_IKEN_Intern\backend\backend.csproj]
D:\My Work\IKEN TECH Intern\MyCoding\EMS Project\EMS_IKEN_Intern\backend\Domain\Models\User.cs(6,23): warning CS8618: Non-nullable property 'PasswordHash' must contain a non-null value when exiting constructor. Consider adding the 'required' modifier or declaring the property as nullable. [D:\My Work\IKEN TECH Intern\MyCoding\EMS Project\EMS_IKEN_Intern\backend\backend.csproj]
D:\My Work\IKEN TECH Intern\MyCoding\EMS Project\EMS_IKEN_Intern\backend\Domain\Models\RefreshToken.cs(9,23): warning CS8618: Non-nullable property 'Token' must contain a non-null value when exiting constructor. Consider adding the 'required' modifier or declaring the property as nullable. [D:\My Work\IKEN TECH Intern\MyCoding\EMS Project\EMS_IKEN_Intern\backend\backend.csproj]
D:\My Work\IKEN TECH Intern\MyCoding\EMS Project\EMS_IKEN_Intern\backend\Domain\Models\Position.cs(5,17): warning CS8618: Non-nullable property 'PositionName' must contain a non-null value when exiting constructor. Consider adding the 'required' modifier or declaring the property as nullable. [D:\My Work\IKEN TECH Intern\MyCoding\EMS Project\EMS_IKEN_Intern\backend\backend.csproj]
D:\My Work\IKEN TECH Intern\MyCoding\EMS Project\EMS_IKEN_Intern\backend\Infrastructure\Security\JWT Generator.cs(21,71): warning CS8604: Possible null reference argument for parameter 's' in 'byte[] Encoding.GetBytes(string s)'. [D:\My Work\IKEN TECH Intern\MyCoding\EMS Project\EMS_IKEN_Intern\backend\backend.csproj]
D:\My Work\IKEN TECH Intern\MyCoding\EMS Project\EMS_IKEN_Intern\backend\Infrastructure\Security\JWT Generator.cs(29,66): warning CS8604: Possible null reference argument for parameter 's' in 'double double.Parse(string s)'. [D:\My Work\IKEN TECH Intern\MyCoding\EMS Project\EMS_IKEN_Intern\backend\backend.csproj]
D:\My Work\IKEN TECH Intern\MyCoding\EMS Project\EMS_IKEN_Intern\backend\Domain\Models\Employee.cs(5,17): warning CS8618: Non-nullable property 'FirstName' must contain a non-null value when exiting constructor. Consider adding the 'required' modifier or declaring the property as nullable. [D:\My Work\IKEN TECH Intern\MyCoding\EMS Project\EMS_IKEN_Intern\backend\backend.csproj]
D:\My Work\IKEN TECH Intern\MyCoding\EMS Project\EMS_IKEN_Intern\backend\Domain\Models\Employee.cs(5,17): warning CS8618: Non-nullable property 'Lastname' must contain a non-null value when exiting constructor. Consider adding the 'required' modifier or declaring the property as nullable. [D:\My Work\IKEN TECH Intern\MyCoding\EMS Project\EMS_IKEN_Intern\backend\backend.csproj]
D:\My Work\IKEN TECH Intern\MyCoding\EMS Project\EMS_IKEN_Intern\backend\Domain\Models\Employee.cs(5,17): warning CS8618: Non-nullable property 'NationalId' must contain a non-null value when exiting constructor. Consider adding the 'required' modifier or declaring the property as nullable. [D:\My Work\IKEN TECH Intern\MyCoding\EMS Project\EMS_IKEN_Intern\backend\backend.csproj]
D:\My Work\IKEN TECH Intern\MyCoding\EMS Project\EMS_IKEN_Intern\backend\Domain\Models\Employee.cs(5,17): warning CS8618: Non-nullable property 'Email' must contain a non-null value when exiting constructor. Consider adding the 'required' modifier or declaring the property as nullable. [D:\My Work\IKEN TECH Intern\MyCoding\EMS Project\EMS_IKEN_Intern\backend\backend.csproj]
D:\My Work\IKEN TECH Intern\MyCoding\EMS Project\EMS_IKEN_Intern\backend\Domain\Models\Employee.cs(5,17): warning CS8618: Non-nullable property 'PhoneNumber' must contain a non-null value when exiting constructor. Consider adding the 'required' modifier or declaring the property as nullable. [D:\My Work\IKEN TECH Intern\MyCoding\EMS Project\EMS_IKEN_Intern\backend\backend.csproj]
D:\My Work\IKEN TECH Intern\MyCoding\EMS Project\EMS_IKEN_Intern\backend\Domain\Models\Employee.cs(5,17): warning CS8618: Non-nullable property 'Address' must contain a non-null value when exiting constructor. Consider adding the 'required' modifier or declaring the property as nullable. [D:\My Work\IKEN TECH Intern\MyCoding\EMS Project\EMS_IKEN_Intern\backend\backend.csproj]
D:\My Work\IKEN TECH Intern\MyCoding\EMS Project\EMS_IKEN_Intern\backend\Domain\Models\Employee.cs(5,17): warning CS8618: Non-nullable property 'Position' must contain a non-null value when exiting constructor. Consider adding the 'required' modifier or declaring the property as nullable. [D:\My Work\IKEN TECH Intern\MyCoding\EMS Project\EMS_IKEN_Intern\backend\backend.csproj]
D:\My Work\IKEN TECH Intern\MyCoding\EMS Project\EMS_IKEN_Intern\backend\Domain\Models\Employee.cs(5,17): warning CS8618: Non-nullable property 'User' must contain a non-null value when exiting constructor. Consider adding the 'required' modifier or declaring the property as nullable. [D:\My Work\IKEN TECH Intern\MyCoding\EMS Project\EMS_IKEN_Intern\backend\backend.csproj]
D:\My Work\IKEN TECH Intern\MyCoding\EMS Project\EMS_IKEN_Intern\backend\Domain\Models\Employee.cs(22,16): warning CS8618: Non-nullable property 'Position' must contain a non-null value when exiting constructor. Consider adding the 'required' modifier or declaring the property as nullable. [D:\My Work\IKEN TECH Intern\MyCoding\EMS Project\EMS_IKEN_Intern\backend\backend.csproj]
D:\My Work\IKEN TECH Intern\MyCoding\EMS Project\EMS_IKEN_Intern\backend\Domain\Models\Employee.cs(22,16): warning CS8618: Non-nullable property 'User' must contain a non-null value when exiting constructor. Consider adding the 'required' modifier or declaring the property as nullable. [D:\My Work\IKEN TECH Intern\MyCoding\EMS Project\EMS_IKEN_Intern\backend\backend.csproj]
D:\My Work\IKEN TECH Intern\MyCoding\EMS Project\EMS_IKEN_Intern\backend\Features\TimeTrack\WorkLogs\UpdateProjectWorkLog\UpdateProjectWorkLogHandler.cs(46,17): error CS0117: 'WorkLogResponseItemDTO' does not contain a definition for 'WorkDate' [D:\My Work\IKEN TECH Intern\MyCoding\EMS Project\EMS_IKEN_Intern\backend\backend.csproj]
D:\My Work\IKEN TECH Intern\MyCoding\EMS Project\EMS_IKEN_Intern\backend\Infrastructure\Data\SqlConnectionFactory.cs(9,33): warning CS8601: Possible null reference assignment. [D:\My Work\IKEN TECH Intern\MyCoding\EMS Project\EMS_IKEN_Intern\backend\backend.csproj]
D:\My Work\IKEN TECH Intern\MyCoding\EMS Project\EMS_IKEN_Intern\backend\Infrastructure\Data\SqlConnectionFactory.cs(7,16): warning CS8618: Non-nullable field '_connectionString' must contain a non-null value when exiting constructor. Consider adding the 'required' modifier or declaring the field as nullable. [D:\My Work\IKEN TECH Intern\MyCoding\EMS Project\EMS_IKEN_Intern\backend\backend.csproj]
D:\My Work\IKEN TECH Intern\MyCoding\EMS Project\EMS_IKEN_Intern\backend\Domain\Models\Department.cs(5,17): warning CS8618: Non-nullable property 'DepartmentName' must contain a non-null value when exiting constructor. Consider adding the 'required' modifier or declaring the property as nullable. [D:\My Work\IKEN TECH Intern\MyCoding\EMS Project\EMS_IKEN_Intern\backend\backend.csproj]
D:\My Work\IKEN TECH Intern\MyCoding\EMS Project\EMS_IKEN_Intern\backend\Infrastructure\BusinessRules\WorkLogs\WorkLogBusinessRules.cs(30,33): warning CS8602: Dereference of a possibly null reference. [D:\My Work\IKEN TECH Intern\MyCoding\EMS Project\EMS_IKEN_Intern\backend\backend.csproj]
D:\My Work\IKEN TECH Intern\MyCoding\EMS Project\EMS_IKEN_Intern\backend\Program.cs(76,92): warning CS8604: Possible null reference argument for parameter 's' in 'byte[] Encoding.GetBytes(string s)'. [D:\My Work\IKEN TECH Intern\MyCoding\EMS Project\EMS_IKEN_Intern\backend\backend.csproj]
D:\My Work\IKEN TECH Intern\MyCoding\EMS Project\EMS_IKEN_Intern\backend\Features\TimeTrack\Projects\GetFilteredProjects\ProjectListDto.cs(6,23): warning CS8618: Non-nullable property 'Name' must contain a non-null value when exiting constructor. Consider adding the 'required' modifier or declaring the property as nullable. [D:\My Work\IKEN TECH Intern\MyCoding\EMS Project\EMS_IKEN_Intern\backend\backend.csproj]
D:\My Work\IKEN TECH Intern\MyCoding\EMS Project\EMS_IKEN_Intern\backend\Features\Auth\Login\LoginDto.cs(6,23): warning CS8618: Non-nullable property 'Username' must contain a non-null value when exiting constructor. Consider adding the 'required' modifier or declaring the property as nullable. [D:\My Work\IKEN TECH Intern\MyCoding\EMS Project\EMS_IKEN_Intern\backend\backend.csproj]
D:\My Work\IKEN TECH Intern\MyCoding\EMS Project\EMS_IKEN_Intern\backend\Features\Auth\Login\LoginDto.cs(14,23): warning CS8618: Non-nullable property 'Password' must contain a non-null value when exiting constructor. Consider adding the 'required' modifier or declaring the property as nullable. [D:\My Work\IKEN TECH Intern\MyCoding\EMS Project\EMS_IKEN_Intern\backend\backend.csproj]
D:\My Work\IKEN TECH Intern\MyCoding\EMS Project\EMS_IKEN_Intern\backend\Features\TimeTrack\Projects\GetFilteredProjects\GetProjectsHandler.cs(32,17): warning CS0472: The result of the expression is always 'true' since a value of type 'int' is never equal to 'null' of type 'int?' [D:\My Work\IKEN TECH Intern\MyCoding\EMS Project\EMS_IKEN_Intern\backend\backend.csproj]
D:\My Work\IKEN TECH Intern\MyCoding\EMS Project\EMS_IKEN_Intern\backend\Features\Auth\Register\RegisterDto.cs(6,23): warning CS8618: Non-nullable property 'Username' must contain a non-null value when exiting constructor. Consider adding the 'required' modifier or declaring the property as nullable. [D:\My Work\IKEN TECH Intern\MyCoding\EMS Project\EMS_IKEN_Intern\backend\backend.csproj]
D:\My Work\IKEN TECH Intern\MyCoding\EMS Project\EMS_IKEN_Intern\backend\Features\Auth\Register\RegisterDto.cs(14,23): warning CS8618: Non-nullable property 'Password' must contain a non-null value when exiting constructor. Consider adding the 'required' modifier or declaring the property as nullable. [D:\My Work\IKEN TECH Intern\MyCoding\EMS Project\EMS_IKEN_Intern\backend\backend.csproj]
D:\My Work\IKEN TECH Intern\MyCoding\EMS Project\EMS_IKEN_Intern\backend\Features\Employees\UpdateEmployee\UpdateEmployeeHandler.cs(45,21): warning CS8604: Possible null reference argument for parameter 'source' in 'bool Enumerable.Any<char>(IEnumerable<char> source)'. [D:\My Work\IKEN TECH Intern\MyCoding\EMS Project\EMS_IKEN_Intern\backend\backend.csproj]
D:\My Work\IKEN TECH Intern\MyCoding\EMS Project\EMS_IKEN_Intern\backend\Features\TimeTrack\Projects\CreateProject\CreateProjectHandler.cs(42,49): warning CS8604: Possible null reference argument for parameter 'description' in 'Project.Project(string name, string description, int departmentId, int createdBy)'. [D:\My Work\IKEN TECH Intern\MyCoding\EMS Project\EMS_IKEN_Intern\backend\backend.csproj]
D:\My Work\IKEN TECH Intern\MyCoding\EMS Project\EMS_IKEN_Intern\backend\Features\TimeTrack\Projects\CreateProject\CreateProjectDTO.cs(7,23): warning CS8618: Non-nullable property 'Name' must contain a non-null value when exiting constructor. Consider adding the 'required' modifier or declaring the property as nullable. [D:\My Work\IKEN TECH Intern\MyCoding\EMS Project\EMS_IKEN_Intern\backend\backend.csproj]
D:\My Work\IKEN TECH Intern\MyCoding\EMS Project\EMS_IKEN_Intern\backend\Features\Departments\CreateDepartment\CreateDepartmentDto.cs(6,23): warning CS8618: Non-nullable property 'DepartmentName' must contain a non-null value when exiting constructor. Consider adding the 'required' modifier or declaring the property as nullable. [D:\My Work\IKEN TECH Intern\MyCoding\EMS Project\EMS_IKEN_Intern\backend\backend.csproj]
D:\My Work\IKEN TECH Intern\MyCoding\EMS Project\EMS_IKEN_Intern\backend\Features\Attendance\MyAttendance\GetMyAttendanceHandler.cs(27,76): warning CS8602: Dereference of a possibly null reference. [D:\My Work\IKEN TECH Intern\MyCoding\EMS Project\EMS_IKEN_Intern\backend\backend.csproj]
D:\My Work\IKEN TECH Intern\MyCoding\EMS Project\EMS_IKEN_Intern\backend\Features\Departments\GetDepartmentById\GetDepartmentByIdEndpoint.cs(11,75): warning CS8604: Possible null reference argument for parameter 'data' in 'ApiResponse<Department> ApiResponse<Department>.SuccessResponse(Department data, string message = "")'. [D:\My Work\IKEN TECH Intern\MyCoding\EMS Project\EMS_IKEN_Intern\backend\backend.csproj]
D:\My Work\IKEN TECH Intern\MyCoding\EMS Project\EMS_IKEN_Intern\backend\Features\Employees\GetEmployeeByUserId\GetEmployeeByUserIdEndpoint.cs(12,83): warning CS8604: Possible null reference argument for parameter 'data' in 'ApiResponse<EmployeeProfileDto> ApiResponse<EmployeeProfileDto>.SuccessResponse(EmployeeProfileDto data, string message = "")'. [D:\My Work\IKEN TECH Intern\MyCoding\EMS Project\EMS_IKEN_Intern\backend\backend.csproj]
D:\My Work\IKEN TECH Intern\MyCoding\EMS Project\EMS_IKEN_Intern\backend\Features\Positions\CreatePosition\CreatePositionDto.cs(6,23): warning CS8618: Non-nullable property 'PositionName' must contain a non-null value when exiting constructor. Consider adding the 'required' modifier or declaring the property as nullable. [D:\My Work\IKEN TECH Intern\MyCoding\EMS Project\EMS_IKEN_Intern\backend\backend.csproj]
D:\My Work\IKEN TECH Intern\MyCoding\EMS Project\EMS_IKEN_Intern\backend\Features\Employees\GetEmployeeByUserId\EmployeeProfileDto.cs(6,23): warning CS8618: Non-nullable property 'FirstName' must contain a non-null value when exiting constructor. Consider adding the 'required' modifier or declaring the property as nullable. [D:\My Work\IKEN TECH Intern\MyCoding\EMS Project\EMS_IKEN_Intern\backend\backend.csproj]
D:\My Work\IKEN TECH Intern\MyCoding\EMS Project\EMS_IKEN_Intern\backend\Features\Employees\GetEmployeeByUserId\EmployeeProfileDto.cs(7,23): warning CS8618: Non-nullable property 'Lastname' must contain a non-null value when exiting constructor. Consider adding the 'required' modifier or declaring the property as nullable. [D:\My Work\IKEN TECH Intern\MyCoding\EMS Project\EMS_IKEN_Intern\backend\backend.csproj]
D:\My Work\IKEN TECH Intern\MyCoding\EMS Project\EMS_IKEN_Intern\backend\Features\Employees\GetEmployeeByUserId\EmployeeProfileDto.cs(8,23): warning CS8618: Non-nullable property 'NationalId' must contain a non-null value when exiting constructor. Consider adding the 'required' modifier or declaring the property as nullable. [D:\My Work\IKEN TECH Intern\MyCoding\EMS Project\EMS_IKEN_Intern\backend\backend.csproj]
D:\My Work\IKEN TECH Intern\MyCoding\EMS Project\EMS_IKEN_Intern\backend\Features\Employees\GetEmployeeByUserId\EmployeeProfileDto.cs(9,23): warning CS8618: Non-nullable property 'Email' must contain a non-null value when exiting constructor. Consider adding the 'required' modifier or declaring the property as nullable. [D:\My Work\IKEN TECH Intern\MyCoding\EMS Project\EMS_IKEN_Intern\backend\backend.csproj]
D:\My Work\IKEN TECH Intern\MyCoding\EMS Project\EMS_IKEN_Intern\backend\Features\Employees\GetEmployeeByUserId\EmployeeProfileDto.cs(10,23): warning CS8618: Non-nullable property 'PhoneNumber' must contain a non-null value when exiting constructor. Consider adding the 'required' modifier or declaring the property as nullable. [D:\My Work\IKEN TECH Intern\MyCoding\EMS Project\EMS_IKEN_Intern\backend\backend.csproj]
D:\My Work\IKEN TECH Intern\MyCoding\EMS Project\EMS_IKEN_Intern\backend\Features\Employees\GetEmployeeByUserId\EmployeeProfileDto.cs(12,23): warning CS8618: Non-nullable property 'Address' must contain a non-null value when exiting constructor. Consider adding the 'required' modifier or declaring the property as nullable. [D:\My Work\IKEN TECH Intern\MyCoding\EMS Project\EMS_IKEN_Intern\backend\backend.csproj]
D:\My Work\IKEN TECH Intern\MyCoding\EMS Project\EMS_IKEN_Intern\backend\Features\Employees\GetEmployeeByUserId\EmployeeProfileDto.cs(17,23): warning CS8618: Non-nullable property 'PositionName' must contain a non-null value when exiting constructor. Consider adding the 'required' modifier or declaring the property as nullable. [D:\My Work\IKEN TECH Intern\MyCoding\EMS Project\EMS_IKEN_Intern\backend\backend.csproj]
D:\My Work\IKEN TECH Intern\MyCoding\EMS Project\EMS_IKEN_Intern\backend\Features\Employees\GetEmployeeByUserId\EmployeeProfileDto.cs(18,23): warning CS8618: Non-nullable property 'DepartmentName' must contain a non-null value when exiting constructor. Consider adding the 'required' modifier or declaring the property as nullable. [D:\My Work\IKEN TECH Intern\MyCoding\EMS Project\EMS_IKEN_Intern\backend\backend.csproj]
D:\My Work\IKEN TECH Intern\MyCoding\EMS Project\EMS_IKEN_Intern\backend\Features\Employees\DeleteEmployee\DeleteEmployeeHandler.cs(40,17): warning CS8604: Possible null reference argument for parameter 'source' in 'bool Enumerable.Any<char>(IEnumerable<char> source)'. [D:\My Work\IKEN TECH Intern\MyCoding\EMS Project\EMS_IKEN_Intern\backend\backend.csproj]
D:\My Work\IKEN TECH Intern\MyCoding\EMS Project\EMS_IKEN_Intern\backend\Features\Positions\GetPositionById\GetPositionByIdEndpoint.cs(11,73): warning CS8604: Possible null reference argument for parameter 'data' in 'ApiResponse<Position> ApiResponse<Position>.SuccessResponse(Position data, string message = "")'. [D:\My Work\IKEN TECH Intern\MyCoding\EMS Project\EMS_IKEN_Intern\backend\backend.csproj]
D:\My Work\IKEN TECH Intern\MyCoding\EMS Project\EMS_IKEN_Intern\backend\Features\Employees\GetEmployeeById\GetEmployeeByIdEndpoint.cs(11,73): warning CS8604: Possible null reference argument for parameter 'data' in 'ApiResponse<Employee> ApiResponse<Employee>.SuccessResponse(Employee data, string message = "")'. [D:\My Work\IKEN TECH Intern\MyCoding\EMS Project\EMS_IKEN_Intern\backend\backend.csproj]
D:\My Work\IKEN TECH Intern\MyCoding\EMS Project\EMS_IKEN_Intern\backend\Features\Employees\CreateEmployee\CreateEmployeeDTO.cs(7,23): warning CS8618: Non-nullable property 'FirstName' must contain a non-null value when exiting constructor. Consider adding the 'required' modifier or declaring the property as nullable. [D:\My Work\IKEN TECH Intern\MyCoding\EMS Project\EMS_IKEN_Intern\backend\backend.csproj]
D:\My Work\IKEN TECH Intern\MyCoding\EMS Project\EMS_IKEN_Intern\backend\Features\Employees\CreateEmployee\CreateEmployeeDTO.cs(11,23): warning CS8618: Non-nullable property 'Lastname' must contain a non-null value when exiting constructor. Consider adding the 'required' modifier or declaring the property as nullable. [D:\My Work\IKEN TECH Intern\MyCoding\EMS Project\EMS_IKEN_Intern\backend\backend.csproj]
D:\My Work\IKEN TECH Intern\MyCoding\EMS Project\EMS_IKEN_Intern\backend\Features\Employees\CreateEmployee\CreateEmployeeDTO.cs(15,23): warning CS8618: Non-nullable property 'NationalId' must contain a non-null value when exiting constructor. Consider adding the 'required' modifier or declaring the property as nullable. [D:\My Work\IKEN TECH Intern\MyCoding\EMS Project\EMS_IKEN_Intern\backend\backend.csproj]
D:\My Work\IKEN TECH Intern\MyCoding\EMS Project\EMS_IKEN_Intern\backend\Features\Employees\CreateEmployee\CreateEmployeeDTO.cs(19,23): warning CS8618: Non-nullable property 'Email' must contain a non-null value when exiting constructor. Consider adding the 'required' modifier or declaring the property as nullable. [D:\My Work\IKEN TECH Intern\MyCoding\EMS Project\EMS_IKEN_Intern\backend\backend.csproj]
D:\My Work\IKEN TECH Intern\MyCoding\EMS Project\EMS_IKEN_Intern\backend\Features\Employees\CreateEmployee\CreateEmployeeDTO.cs(22,23): warning CS8618: Non-nullable property 'PhoneNumber' must contain a non-null value when exiting constructor. Consider adding the 'required' modifier or declaring the property as nullable. [D:\My Work\IKEN TECH Intern\MyCoding\EMS Project\EMS_IKEN_Intern\backend\backend.csproj]
D:\My Work\IKEN TECH Intern\MyCoding\EMS Project\EMS_IKEN_Intern\backend\Features\Employees\CreateEmployee\CreateEmployeeDTO.cs(33,23): warning CS8618: Non-nullable property 'Address' must contain a non-null value when exiting constructor. Consider adding the 'required' modifier or declaring the property as nullable. [D:\My Work\IKEN TECH Intern\MyCoding\EMS Project\EMS_IKEN_Intern\backend\backend.csproj]
D:\My Work\IKEN TECH Intern\MyCoding\EMS Project\EMS_IKEN_Intern\backend\Features\Employees\CreateEmployee\CreateEmployeeDTO.cs(51,23): warning CS8618: Non-nullable property 'Username' must contain a non-null value when exiting constructor. Consider adding the 'required' modifier or declaring the property as nullable. [D:\My Work\IKEN TECH Intern\MyCoding\EMS Project\EMS_IKEN_Intern\backend\backend.csproj]
D:\My Work\IKEN TECH Intern\MyCoding\EMS Project\EMS_IKEN_Intern\backend\Features\Employees\CreateEmployee\CreateEmployeeDTO.cs(56,23): warning CS8618: Non-nullable property 'Password' must contain a non-null value when exiting constructor. Consider adding the 'required' modifier or declaring the property as nullable. [D:\My Work\IKEN TECH Intern\MyCoding\EMS Project\EMS_IKEN_Intern\backend\backend.csproj]

Build FAILED.

D:\My Work\IKEN TECH Intern\MyCoding\EMS Project\EMS_IKEN_Intern\backend\Domain\Attributes\MinimumAgeAttribute.cs(13,46): warning CS8765: Nullability of type of parameter 'value' doesn't match overridden member (possibly because of nullability attributes). [D:\My Work\IKEN TECH Intern\MyCoding\EMS Project\EMS_IKEN_Intern\backend\backend.csproj]
D:\My Work\IKEN TECH Intern\MyCoding\EMS Project\EMS_IKEN_Intern\backend\Domain\Attributes\NotFutureDateAttribute.cs(10,46): warning CS8765: Nullability of type of parameter 'value' doesn't match overridden member (possibly because of nullability attributes). [D:\My Work\IKEN TECH Intern\MyCoding\EMS Project\EMS_IKEN_Intern\backend\backend.csproj]
D:\My Work\IKEN TECH Intern\MyCoding\EMS Project\EMS_IKEN_Intern\backend\Features\Employees\GetEmployeeById\GetEmployeeByIdHandler.cs(12,37): warning CS8613: Nullability of reference types in return type of 'Task<Employee> GetEmployeeByIdHandler.Handle(GetEmployeeByIdQuery request, CancellationToken cancellationToken)' doesn't match implicitly implemented member 'Task<Employee?> IRequestHandler<GetEmployeeByIdQuery, Employee?>.Handle(GetEmployeeByIdQuery request, CancellationToken cancellationToken)'. [D:\My Work\IKEN TECH Intern\MyCoding\EMS Project\EMS_IKEN_Intern\backend\backend.csproj]
D:\My Work\IKEN TECH Intern\MyCoding\EMS Project\EMS_IKEN_Intern\backend\Domain\Models\User.cs(5,23): warning CS8618: Non-nullable property 'Username' must contain a non-null value when exiting constructor. Consider adding the 'required' modifier or declaring the property as nullable. [D:\My Work\IKEN TECH Intern\MyCoding\EMS Project\EMS_IKEN_Intern\backend\backend.csproj]
D:\My Work\IKEN TECH Intern\MyCoding\EMS Project\EMS_IKEN_Intern\backend\Domain\Models\User.cs(6,23): warning CS8618: Non-nullable property 'PasswordHash' must contain a non-null value when exiting constructor. Consider adding the 'required' modifier or declaring the property as nullable. [D:\My Work\IKEN TECH Intern\MyCoding\EMS Project\EMS_IKEN_Intern\backend\backend.csproj]
D:\My Work\IKEN TECH Intern\MyCoding\EMS Project\EMS_IKEN_Intern\backend\Domain\Models\RefreshToken.cs(9,23): warning CS8618: Non-nullable property 'Token' must contain a non-null value when exiting constructor. Consider adding the 'required' modifier or declaring the property as nullable. [D:\My Work\IKEN TECH Intern\MyCoding\EMS Project\EMS_IKEN_Intern\backend\backend.csproj]
D:\My Work\IKEN TECH Intern\MyCoding\EMS Project\EMS_IKEN_Intern\backend\Domain\Models\Position.cs(5,17): warning CS8618: Non-nullable property 'PositionName' must contain a non-null value when exiting constructor. Consider adding the 'required' modifier or declaring the property as nullable. [D:\My Work\IKEN TECH Intern\MyCoding\EMS Project\EMS_IKEN_Intern\backend\backend.csproj]
D:\My Work\IKEN TECH Intern\MyCoding\EMS Project\EMS_IKEN_Intern\backend\Infrastructure\Security\JWT Generator.cs(21,71): warning CS8604: Possible null reference argument for parameter 's' in 'byte[] Encoding.GetBytes(string s)'. [D:\My Work\IKEN TECH Intern\MyCoding\EMS Project\EMS_IKEN_Intern\backend\backend.csproj]
D:\My Work\IKEN TECH Intern\MyCoding\EMS Project\EMS_IKEN_Intern\backend\Infrastructure\Security\JWT Generator.cs(29,66): warning CS8604: Possible null reference argument for parameter 's' in 'double double.Parse(string s)'. [D:\My Work\IKEN TECH Intern\MyCoding\EMS Project\EMS_IKEN_Intern\backend\backend.csproj]
D:\My Work\IKEN TECH Intern\MyCoding\EMS Project\EMS_IKEN_Intern\backend\Domain\Models\Employee.cs(5,17): warning CS8618: Non-nullable property 'FirstName' must contain a non-null value when exiting constructor. Consider adding the 'required' modifier or declaring the property as nullable. [D:\My Work\IKEN TECH Intern\MyCoding\EMS Project\EMS_IKEN_Intern\backend\backend.csproj]
D:\My Work\IKEN TECH Intern\MyCoding\EMS Project\EMS_IKEN_Intern\backend\Domain\Models\Employee.cs(5,17): warning CS8618: Non-nullable property 'Lastname' must contain a non-null value when exiting constructor. Consider adding the 'required' modifier or declaring the property as nullable. [D:\My Work\IKEN TECH Intern\MyCoding\EMS Project\EMS_IKEN_Intern\backend\backend.csproj]
D:\My Work\IKEN TECH Intern\MyCoding\EMS Project\EMS_IKEN_Intern\backend\Domain\Models\Employee.cs(5,17): warning CS8618: Non-nullable property 'NationalId' must contain a non-null value when exiting constructor. Consider adding the 'required' modifier or declaring the property as nullable. [D:\My Work\IKEN TECH Intern\MyCoding\EMS Project\EMS_IKEN_Intern\backend\backend.csproj]
D:\My Work\IKEN TECH Intern\MyCoding\EMS Project\EMS_IKEN_Intern\backend\Domain\Models\Employee.cs(5,17): warning CS8618: Non-nullable property 'Email' must contain a non-null value when exiting constructor. Consider adding the 'required' modifier or declaring the property as nullable. [D:\My Work\IKEN TECH Intern\MyCoding\EMS Project\EMS_IKEN_Intern\backend\backend.csproj]
D:\My Work\IKEN TECH Intern\MyCoding\EMS Project\EMS_IKEN_Intern\backend\Domain\Models\Employee.cs(5,17): warning CS8618: Non-nullable property 'PhoneNumber' must contain a non-null value when exiting constructor. Consider adding the 'required' modifier or declaring the property as nullable. [D:\My Work\IKEN TECH Intern\MyCoding\EMS Project\EMS_IKEN_Intern\backend\backend.csproj]
D:\My Work\IKEN TECH Intern\MyCoding\EMS Project\EMS_IKEN_Intern\backend\Domain\Models\Employee.cs(5,17): warning CS8618: Non-nullable property 'Address' must contain a non-null value when exiting constructor. Consider adding the 'required' modifier or declaring the property as nullable. [D:\My Work\IKEN TECH Intern\MyCoding\EMS Project\EMS_IKEN_Intern\backend\backend.csproj]
D:\My Work\IKEN TECH Intern\MyCoding\EMS Project\EMS_IKEN_Intern\backend\Domain\Models\Employee.cs(5,17): warning CS8618: Non-nullable property 'Position' must contain a non-null value when exiting constructor. Consider adding the 'required' modifier or declaring the property as nullable. [D:\My Work\IKEN TECH Intern\MyCoding\EMS Project\EMS_IKEN_Intern\backend\backend.csproj]
D:\My Work\IKEN TECH Intern\MyCoding\EMS Project\EMS_IKEN_Intern\backend\Domain\Models\Employee.cs(5,17): warning CS8618: Non-nullable property 'User' must contain a non-null value when exiting constructor. Consider adding the 'required' modifier or declaring the property as nullable. [D:\My Work\IKEN TECH Intern\MyCoding\EMS Project\EMS_IKEN_Intern\backend\backend.csproj]
D:\My Work\IKEN TECH Intern\MyCoding\EMS Project\EMS_IKEN_Intern\backend\Domain\Models\Employee.cs(22,16): warning CS8618: Non-nullable property 'Position' must contain a non-null value when exiting constructor. Consider adding the 'required' modifier or declaring the property as nullable. [D:\My Work\IKEN TECH Intern\MyCoding\EMS Project\EMS_IKEN_Intern\backend\backend.csproj]
D:\My Work\IKEN TECH Intern\MyCoding\EMS Project\EMS_IKEN_Intern\backend\Domain\Models\Employee.cs(22,16): warning CS8618: Non-nullable property 'User' must contain a non-null value when exiting constructor. Consider adding the 'required' modifier or declaring the property as nullable. [D:\My Work\IKEN TECH Intern\MyCoding\EMS Project\EMS_IKEN_Intern\backend\backend.csproj]
D:\My Work\IKEN TECH Intern\MyCoding\EMS Project\EMS_IKEN_Intern\backend\Infrastructure\Data\SqlConnectionFactory.cs(9,33): warning CS8601: Possible null reference assignment. [D:\My Work\IKEN TECH Intern\MyCoding\EMS Project\EMS_IKEN_Intern\backend\backend.csproj]
D:\My Work\IKEN TECH Intern\MyCoding\EMS Project\EMS_IKEN_Intern\backend\Infrastructure\Data\SqlConnectionFactory.cs(7,16): warning CS8618: Non-nullable field '_connectionString' must contain a non-null value when exiting constructor. Consider adding the 'required' modifier or declaring the field as nullable. [D:\My Work\IKEN TECH Intern\MyCoding\EMS Project\EMS_IKEN_Intern\backend\backend.csproj]
D:\My Work\IKEN TECH Intern\MyCoding\EMS Project\EMS_IKEN_Intern\backend\Domain\Models\Department.cs(5,17): warning CS8618: Non-nullable property 'DepartmentName' must contain a non-null value when exiting constructor. Consider adding the 'required' modifier or declaring the property as nullable. [D:\My Work\IKEN TECH Intern\MyCoding\EMS Project\EMS_IKEN_Intern\backend\backend.csproj]
D:\My Work\IKEN TECH Intern\MyCoding\EMS Project\EMS_IKEN_Intern\backend\Infrastructure\BusinessRules\WorkLogs\WorkLogBusinessRules.cs(30,33): warning CS8602: Dereference of a possibly null reference. [D:\My Work\IKEN TECH Intern\MyCoding\EMS Project\EMS_IKEN_Intern\backend\backend.csproj]
D:\My Work\IKEN TECH Intern\MyCoding\EMS Project\EMS_IKEN_Intern\backend\Program.cs(76,92): warning CS8604: Possible null reference argument for parameter 's' in 'byte[] Encoding.GetBytes(string s)'. [D:\My Work\IKEN TECH Intern\MyCoding\EMS Project\EMS_IKEN_Intern\backend\backend.csproj]
D:\My Work\IKEN TECH Intern\MyCoding\EMS Project\EMS_IKEN_Intern\backend\Features\TimeTrack\Projects\GetFilteredProjects\ProjectListDto.cs(6,23): warning CS8618: Non-nullable property 'Name' must contain a non-null value when exiting constructor. Consider adding the 'required' modifier or declaring the property as nullable. [D:\My Work\IKEN TECH Intern\MyCoding\EMS Project\EMS_IKEN_Intern\backend\backend.csproj]
D:\My Work\IKEN TECH Intern\MyCoding\EMS Project\EMS_IKEN_Intern\backend\Features\Auth\Login\LoginDto.cs(6,23): warning CS8618: Non-nullable property 'Username' must contain a non-null value when exiting constructor. Consider adding the 'required' modifier or declaring the property as nullable. [D:\My Work\IKEN TECH Intern\MyCoding\EMS Project\EMS_IKEN_Intern\backend\backend.csproj]
D:\My Work\IKEN TECH Intern\MyCoding\EMS Project\EMS_IKEN_Intern\backend\Features\Auth\Login\LoginDto.cs(14,23): warning CS8618: Non-nullable property 'Password' must contain a non-null value when exiting constructor. Consider adding the 'required' modifier or declaring the property as nullable. [D:\My Work\IKEN TECH Intern\MyCoding\EMS Project\EMS_IKEN_Intern\backend\backend.csproj]
D:\My Work\IKEN TECH Intern\MyCoding\EMS Project\EMS_IKEN_Intern\backend\Features\TimeTrack\Projects\GetFilteredProjects\GetProjectsHandler.cs(32,17): warning CS0472: The result of the expression is always 'true' since a value of type 'int' is never equal to 'null' of type 'int?' [D:\My Work\IKEN TECH Intern\MyCoding\EMS Project\EMS_IKEN_Intern\backend\backend.csproj]
D:\My Work\IKEN TECH Intern\MyCoding\EMS Project\EMS_IKEN_Intern\backend\Features\Auth\Register\RegisterDto.cs(6,23): warning CS8618: Non-nullable property 'Username' must contain a non-null value when exiting constructor. Consider adding the 'required' modifier or declaring the property as nullable. [D:\My Work\IKEN TECH Intern\MyCoding\EMS Project\EMS_IKEN_Intern\backend\backend.csproj]
D:\My Work\IKEN TECH Intern\MyCoding\EMS Project\EMS_IKEN_Intern\backend\Features\Auth\Register\RegisterDto.cs(14,23): warning CS8618: Non-nullable property 'Password' must contain a non-null value when exiting constructor. Consider adding the 'required' modifier or declaring the property as nullable. [D:\My Work\IKEN TECH Intern\MyCoding\EMS Project\EMS_IKEN_Intern\backend\backend.csproj]
D:\My Work\IKEN TECH Intern\MyCoding\EMS Project\EMS_IKEN_Intern\backend\Features\Employees\UpdateEmployee\UpdateEmployeeHandler.cs(45,21): warning CS8604: Possible null reference argument for parameter 'source' in 'bool Enumerable.Any<char>(IEnumerable<char> source)'. [D:\My Work\IKEN TECH Intern\MyCoding\EMS Project\EMS_IKEN_Intern\backend\backend.csproj]
D:\My Work\IKEN TECH Intern\MyCoding\EMS Project\EMS_IKEN_Intern\backend\Features\TimeTrack\Projects\CreateProject\CreateProjectHandler.cs(42,49): warning CS8604: Possible null reference argument for parameter 'description' in 'Project.Project(string name, string description, int departmentId, int createdBy)'. [D:\My Work\IKEN TECH Intern\MyCoding\EMS Project\EMS_IKEN_Intern\backend\backend.csproj]
D:\My Work\IKEN TECH Intern\MyCoding\EMS Project\EMS_IKEN_Intern\backend\Features\TimeTrack\Projects\CreateProject\CreateProjectDTO.cs(7,23): warning CS8618: Non-nullable property 'Name' must contain a non-null value when exiting constructor. Consider adding the 'required' modifier or declaring the property as nullable. [D:\My Work\IKEN TECH Intern\MyCoding\EMS Project\EMS_IKEN_Intern\backend\backend.csproj]
D:\My Work\IKEN TECH Intern\MyCoding\EMS Project\EMS_IKEN_Intern\backend\Features\Departments\CreateDepartment\CreateDepartmentDto.cs(6,23): warning CS8618: Non-nullable property 'DepartmentName' must contain a non-null value when exiting constructor. Consider adding the 'required' modifier or declaring the property as nullable. [D:\My Work\IKEN TECH Intern\MyCoding\EMS Project\EMS_IKEN_Intern\backend\backend.csproj]
D:\My Work\IKEN TECH Intern\MyCoding\EMS Project\EMS_IKEN_Intern\backend\Features\Attendance\MyAttendance\GetMyAttendanceHandler.cs(27,76): warning CS8602: Dereference of a possibly null reference. [D:\My Work\IKEN TECH Intern\MyCoding\EMS Project\EMS_IKEN_Intern\backend\backend.csproj]
D:\My Work\IKEN TECH Intern\MyCoding\EMS Project\EMS_IKEN_Intern\backend\Features\Departments\GetDepartmentById\GetDepartmentByIdEndpoint.cs(11,75): warning CS8604: Possible null reference argument for parameter 'data' in 'ApiResponse<Department> ApiResponse<Department>.SuccessResponse(Department data, string message = "")'. [D:\My Work\IKEN TECH Intern\MyCoding\EMS Project\EMS_IKEN_Intern\backend\backend.csproj]
D:\My Work\IKEN TECH Intern\MyCoding\EMS Project\EMS_IKEN_Intern\backend\Features\Employees\GetEmployeeByUserId\GetEmployeeByUserIdEndpoint.cs(12,83): warning CS8604: Possible null reference argument for parameter 'data' in 'ApiResponse<EmployeeProfileDto> ApiResponse<EmployeeProfileDto>.SuccessResponse(EmployeeProfileDto data, string message = "")'. [D:\My Work\IKEN TECH Intern\MyCoding\EMS Project\EMS_IKEN_Intern\backend\backend.csproj]
D:\My Work\IKEN TECH Intern\MyCoding\EMS Project\EMS_IKEN_Intern\backend\Features\Positions\CreatePosition\CreatePositionDto.cs(6,23): warning CS8618: Non-nullable property 'PositionName' must contain a non-null value when exiting constructor. Consider adding the 'required' modifier or declaring the property as nullable. [D:\My Work\IKEN TECH Intern\MyCoding\EMS Project\EMS_IKEN_Intern\backend\backend.csproj]
D:\My Work\IKEN TECH Intern\MyCoding\EMS Project\EMS_IKEN_Intern\backend\Features\Employees\GetEmployeeByUserId\EmployeeProfileDto.cs(6,23): warning CS8618: Non-nullable property 'FirstName' must contain a non-null value when exiting constructor. Consider adding the 'required' modifier or declaring the property as nullable. [D:\My Work\IKEN TECH Intern\MyCoding\EMS Project\EMS_IKEN_Intern\backend\backend.csproj]
D:\My Work\IKEN TECH Intern\MyCoding\EMS Project\EMS_IKEN_Intern\backend\Features\Employees\GetEmployeeByUserId\EmployeeProfileDto.cs(7,23): warning CS8618: Non-nullable property 'Lastname' must contain a non-null value when exiting constructor. Consider adding the 'required' modifier or declaring the property as nullable. [D:\My Work\IKEN TECH Intern\MyCoding\EMS Project\EMS_IKEN_Intern\backend\backend.csproj]
D:\My Work\IKEN TECH Intern\MyCoding\EMS Project\EMS_IKEN_Intern\backend\Features\Employees\GetEmployeeByUserId\EmployeeProfileDto.cs(8,23): warning CS8618: Non-nullable property 'NationalId' must contain a non-null value when exiting constructor. Consider adding the 'required' modifier or declaring the property as nullable. [D:\My Work\IKEN TECH Intern\MyCoding\EMS Project\EMS_IKEN_Intern\backend\backend.csproj]
D:\My Work\IKEN TECH Intern\MyCoding\EMS Project\EMS_IKEN_Intern\backend\Features\Employees\GetEmployeeByUserId\EmployeeProfileDto.cs(9,23): warning CS8618: Non-nullable property 'Email' must contain a non-null value when exiting constructor. Consider adding the 'required' modifier or declaring the property as nullable. [D:\My Work\IKEN TECH Intern\MyCoding\EMS Project\EMS_IKEN_Intern\backend\backend.csproj]
D:\My Work\IKEN TECH Intern\MyCoding\EMS Project\EMS_IKEN_Intern\backend\Features\Employees\GetEmployeeByUserId\EmployeeProfileDto.cs(10,23): warning CS8618: Non-nullable property 'PhoneNumber' must contain a non-null value when exiting constructor. Consider adding the 'required' modifier or declaring the property as nullable. [D:\My Work\IKEN TECH Intern\MyCoding\EMS Project\EMS_IKEN_Intern\backend\backend.csproj]
D:\My Work\IKEN TECH Intern\MyCoding\EMS Project\EMS_IKEN_Intern\backend\Features\Employees\GetEmployeeByUserId\EmployeeProfileDto.cs(12,23): warning CS8618: Non-nullable property 'Address' must contain a non-null value when exiting constructor. Consider adding the 'required' modifier or declaring the property as nullable. [D:\My Work\IKEN TECH Intern\MyCoding\EMS Project\EMS_IKEN_Intern\backend\backend.csproj]
D:\My Work\IKEN TECH Intern\MyCoding\EMS Project\EMS_IKEN_Intern\backend\Features\Employees\GetEmployeeByUserId\EmployeeProfileDto.cs(17,23): warning CS8618: Non-nullable property 'PositionName' must contain a non-null value when exiting constructor. Consider adding the 'required' modifier or declaring the property as nullable. [D:\My Work\IKEN TECH Intern\MyCoding\EMS Project\EMS_IKEN_Intern\backend\backend.csproj]
D:\My Work\IKEN TECH Intern\MyCoding\EMS Project\EMS_IKEN_Intern\backend\Features\Employees\GetEmployeeByUserId\EmployeeProfileDto.cs(18,23): warning CS8618: Non-nullable property 'DepartmentName' must contain a non-null value when exiting constructor. Consider adding the 'required' modifier or declaring the property as nullable. [D:\My Work\IKEN TECH Intern\MyCoding\EMS Project\EMS_IKEN_Intern\backend\backend.csproj]
D:\My Work\IKEN TECH Intern\MyCoding\EMS Project\EMS_IKEN_Intern\backend\Features\Employees\DeleteEmployee\DeleteEmployeeHandler.cs(40,17): warning CS8604: Possible null reference argument for parameter 'source' in 'bool Enumerable.Any<char>(IEnumerable<char> source)'. [D:\My Work\IKEN TECH Intern\MyCoding\EMS Project\EMS_IKEN_Intern\backend\backend.csproj]
D:\My Work\IKEN TECH Intern\MyCoding\EMS Project\EMS_IKEN_Intern\backend\Features\Positions\GetPositionById\GetPositionByIdEndpoint.cs(11,73): warning CS8604: Possible null reference argument for parameter 'data' in 'ApiResponse<Position> ApiResponse<Position>.SuccessResponse(Position data, string message = "")'. [D:\My Work\IKEN TECH Intern\MyCoding\EMS Project\EMS_IKEN_Intern\backend\backend.csproj]
D:\My Work\IKEN TECH Intern\MyCoding\EMS Project\EMS_IKEN_Intern\backend\Features\Employees\GetEmployeeById\GetEmployeeByIdEndpoint.cs(11,73): warning CS8604: Possible null reference argument for parameter 'data' in 'ApiResponse<Employee> ApiResponse<Employee>.SuccessResponse(Employee data, string message = "")'. [D:\My Work\IKEN TECH Intern\MyCoding\EMS Project\EMS_IKEN_Intern\backend\backend.csproj]
D:\My Work\IKEN TECH Intern\MyCoding\EMS Project\EMS_IKEN_Intern\backend\Features\Employees\CreateEmployee\CreateEmployeeDTO.cs(7,23): warning CS8618: Non-nullable property 'FirstName' must contain a non-null value when exiting constructor. Consider adding the 'required' modifier or declaring the property as nullable. [D:\My Work\IKEN TECH Intern\MyCoding\EMS Project\EMS_IKEN_Intern\backend\backend.csproj]
D:\My Work\IKEN TECH Intern\MyCoding\EMS Project\EMS_IKEN_Intern\backend\Features\Employees\CreateEmployee\CreateEmployeeDTO.cs(11,23): warning CS8618: Non-nullable property 'Lastname' must contain a non-null value when exiting constructor. Consider adding the 'required' modifier or declaring the property as nullable. [D:\My Work\IKEN TECH Intern\MyCoding\EMS Project\EMS_IKEN_Intern\backend\backend.csproj]
D:\My Work\IKEN TECH Intern\MyCoding\EMS Project\EMS_IKEN_Intern\backend\Features\Employees\CreateEmployee\CreateEmployeeDTO.cs(15,23): warning CS8618: Non-nullable property 'NationalId' must contain a non-null value when exiting constructor. Consider adding the 'required' modifier or declaring the property as nullable. [D:\My Work\IKEN TECH Intern\MyCoding\EMS Project\EMS_IKEN_Intern\backend\backend.csproj]
D:\My Work\IKEN TECH Intern\MyCoding\EMS Project\EMS_IKEN_Intern\backend\Features\Employees\CreateEmployee\CreateEmployeeDTO.cs(19,23): warning CS8618: Non-nullable property 'Email' must contain a non-null value when exiting constructor. Consider adding the 'required' modifier or declaring the property as nullable. [D:\My Work\IKEN TECH Intern\MyCoding\EMS Project\EMS_IKEN_Intern\backend\backend.csproj]
D:\My Work\IKEN TECH Intern\MyCoding\EMS Project\EMS_IKEN_Intern\backend\Features\Employees\CreateEmployee\CreateEmployeeDTO.cs(22,23): warning CS8618: Non-nullable property 'PhoneNumber' must contain a non-null value when exiting constructor. Consider adding the 'required' modifier or declaring the property as nullable. [D:\My Work\IKEN TECH Intern\MyCoding\EMS Project\EMS_IKEN_Intern\backend\backend.csproj]
D:\My Work\IKEN TECH Intern\MyCoding\EMS Project\EMS_IKEN_Intern\backend\Features\Employees\CreateEmployee\CreateEmployeeDTO.cs(33,23): warning CS8618: Non-nullable property 'Address' must contain a non-null value when exiting constructor. Consider adding the 'required' modifier or declaring the property as nullable. [D:\My Work\IKEN TECH Intern\MyCoding\EMS Project\EMS_IKEN_Intern\backend\backend.csproj]
D:\My Work\IKEN TECH Intern\MyCoding\EMS Project\EMS_IKEN_Intern\backend\Features\Employees\CreateEmployee\CreateEmployeeDTO.cs(51,23): warning CS8618: Non-nullable property 'Username' must contain a non-null value when exiting constructor. Consider adding the 'required' modifier or declaring the property as nullable. [D:\My Work\IKEN TECH Intern\MyCoding\EMS Project\EMS_IKEN_Intern\backend\backend.csproj]
D:\My Work\IKEN TECH Intern\MyCoding\EMS Project\EMS_IKEN_Intern\backend\Features\Employees\CreateEmployee\CreateEmployeeDTO.cs(56,23): warning CS8618: Non-nullable property 'Password' must contain a non-null value when exiting constructor. Consider adding the 'required' modifier or declaring the property as nullable. [D:\My Work\IKEN TECH Intern\MyCoding\EMS Project\EMS_IKEN_Intern\backend\backend.csproj]
D:\My Work\IKEN TECH Intern\MyCoding\EMS Project\EMS_IKEN_Intern\backend\Features\TimeTrack\WorkLogs\UpdateProjectWorkLog\UpdateProjectWorkLogHandler.cs(46,17): error CS0117: 'WorkLogResponseItemDTO' does not contain a definition for 'WorkDate' [D:\My Work\IKEN TECH Intern\MyCoding\EMS Project\EMS_IKEN_Intern\backend\backend.csproj]
    57 Warning(s)
    1 Error(s)

Time Elapsed 00:00:03.83
