  Determining projects to restore...
  All projects are up-to-date for restore.
D:\My Work\IKEN TECH Intern\MyCoding\EMS Project\EMS_IKEN_Intern\backend\Domain\Attributes\MinimumAgeAttribute.cs(13,46): warning CS8765: Nullability of type of parameter 'value' doesn't match overridden member (possibly because of nullability attributes). [D:\My Work\IKEN TECH Intern\MyCoding\EMS Project\EMS_IKEN_Intern\backend\backend.csproj]
D:\My Work\IKEN TECH Intern\MyCoding\EMS Project\EMS_IKEN_Intern\backend\Domain\Attributes\NotFutureDateAttribute.cs(10,46): warning CS8765: Nullability of type of parameter 'value' doesn't match overridden member (possibly because of nullability attributes). [D:\My Work\IKEN TECH Intern\MyCoding\EMS Project\EMS_IKEN_Intern\backend\backend.csproj]
D:\My Work\IKEN TECH Intern\MyCoding\EMS Project\EMS_IKEN_Intern\backend\Features\Employees\GetEmployeeById\GetEmployeeByIdHandler.cs(12,37): warning CS8613: Nullability of reference types in return type of 'Task<Employee> GetEmployeeByIdHandler.Handle(GetEmployeeByIdQuery request, CancellationToken cancellationToken)' doesn't match implicitly implemented member 'Task<Employee?> IRequestHandler<GetEmployeeByIdQuery, Employee?>.Handle(GetEmployeeByIdQuery request, CancellationToken cancellationToken)'. [D:\My Work\IKEN TECH Intern\MyCoding\EMS Project\EMS_IKEN_Intern\backend\backend.csproj]
D:\My Work\IKEN TECH Intern\MyCoding\EMS Project\EMS_IKEN_Intern\backend\Features\TimeTrack\Projects\GetProjectById\GetProjectByIdHandler.cs(3,79): error CS0246: The type or namespace name 'ProjectListDTO' could not be found (are you missing a using directive or an assembly reference?) [D:\My Work\IKEN TECH Intern\MyCoding\EMS Project\EMS_IKEN_Intern\backend\backend.csproj]
D:\My Work\IKEN TECH Intern\MyCoding\EMS Project\EMS_IKEN_Intern\backend\Features\TimeTrack\Projects\GetProjectById\GetProjectByIdQuery.cs(3,58): error CS0246: The type or namespace name 'ProjectListDTO' could not be found (are you missing a using directive or an assembly reference?) [D:\My Work\IKEN TECH Intern\MyCoding\EMS Project\EMS_IKEN_Intern\backend\backend.csproj]
D:\My Work\IKEN TECH Intern\MyCoding\EMS Project\EMS_IKEN_Intern\backend\Features\TimeTrack\Projects\GetProjectById\GetProjectByIdHandler.cs(12,27): error CS0246: The type or namespace name 'ProjectListDTO' could not be found (are you missing a using directive or an assembly reference?) [D:\My Work\IKEN TECH Intern\MyCoding\EMS Project\EMS_IKEN_Intern\backend\backend.csproj]

Build FAILED.

D:\My Work\IKEN TECH Intern\MyCoding\EMS Project\EMS_IKEN_Intern\backend\Domain\Attributes\MinimumAgeAttribute.cs(13,46): warning CS8765: Nullability of type of parameter 'value' doesn't match overridden member (possibly because of nullability attributes). [D:\My Work\IKEN TECH Intern\MyCoding\EMS Project\EMS_IKEN_Intern\backend\backend.csproj]
D:\My Work\IKEN TECH Intern\MyCoding\EMS Project\EMS_IKEN_Intern\backend\Domain\Attributes\NotFutureDateAttribute.cs(10,46): warning CS8765: Nullability of type of parameter 'value' doesn't match overridden member (possibly because of nullability attributes). [D:\My Work\IKEN TECH Intern\MyCoding\EMS Project\EMS_IKEN_Intern\backend\backend.csproj]
D:\My Work\IKEN TECH Intern\MyCoding\EMS Project\EMS_IKEN_Intern\backend\Features\Employees\GetEmployeeById\GetEmployeeByIdHandler.cs(12,37): warning CS8613: Nullability of reference types in return type of 'Task<Employee> GetEmployeeByIdHandler.Handle(GetEmployeeByIdQuery request, CancellationToken cancellationToken)' doesn't match implicitly implemented member 'Task<Employee?> IRequestHandler<GetEmployeeByIdQuery, Employee?>.Handle(GetEmployeeByIdQuery request, CancellationToken cancellationToken)'. [D:\My Work\IKEN TECH Intern\MyCoding\EMS Project\EMS_IKEN_Intern\backend\backend.csproj]
D:\My Work\IKEN TECH Intern\MyCoding\EMS Project\EMS_IKEN_Intern\backend\Features\TimeTrack\Projects\GetProjectById\GetProjectByIdHandler.cs(3,79): error CS0246: The type or namespace name 'ProjectListDTO' could not be found (are you missing a using directive or an assembly reference?) [D:\My Work\IKEN TECH Intern\MyCoding\EMS Project\EMS_IKEN_Intern\backend\backend.csproj]
D:\My Work\IKEN TECH Intern\MyCoding\EMS Project\EMS_IKEN_Intern\backend\Features\TimeTrack\Projects\GetProjectById\GetProjectByIdQuery.cs(3,58): error CS0246: The type or namespace name 'ProjectListDTO' could not be found (are you missing a using directive or an assembly reference?) [D:\My Work\IKEN TECH Intern\MyCoding\EMS Project\EMS_IKEN_Intern\backend\backend.csproj]
D:\My Work\IKEN TECH Intern\MyCoding\EMS Project\EMS_IKEN_Intern\backend\Features\TimeTrack\Projects\GetProjectById\GetProjectByIdHandler.cs(12,27): error CS0246: The type or namespace name 'ProjectListDTO' could not be found (are you missing a using directive or an assembly reference?) [D:\My Work\IKEN TECH Intern\MyCoding\EMS Project\EMS_IKEN_Intern\backend\backend.csproj]
    3 Warning(s)
    3 Error(s)

Time Elapsed 00:00:02.44
